[0.167s] DEBUG:colcon:Command line arguments: ['/usr/bin/colcon', 'build']
[0.167s] DEBUG:colcon:Parsed command line arguments: Namespace(log_base=None, log_level=None, verb_name='build', build_base='build', install_base='install', merge_install=False, symlink_install=False, test_result_base=None, continue_on_error=False, executor='parallel', parallel_workers=4, event_handlers=None, ignore_user_meta=False, metas=['./colcon.meta'], base_paths=['.'], packages_ignore=None, packages_ignore_regex=None, paths=None, packages_up_to=None, packages_up_to_regex=None, packages_above=None, packages_above_and_dependencies=None, packages_above_depth=None, packages_select_by_dep=None, packages_skip_by_dep=None, packages_skip_up_to=None, packages_select_build_failed=False, packages_skip_build_finished=False, packages_select_test_failures=False, packages_skip_test_passed=False, packages_select=None, packages_skip=None, packages_select_regex=None, packages_skip_regex=None, packages_start=None, packages_end=None, allow_overriding=[], cmake_args=None, cmake_target=None, cmake_target_skip_unavailable=False, cmake_clean_cache=False, cmake_clean_first=False, cmake_force_configure=False, ament_cmake_args=None, catkin_cmake_args=None, catkin_skip_building_tests=False, mixin_files=None, mixin=None, verb_parser=<colcon_mixin.mixin.mixin_argument.MixinArgumentDecorator object at 0x735ef9ac27a0>, verb_extension=<colcon_core.verb.build.BuildVerb object at 0x735ef9ac2200>, main=<bound method BuildVerb.main of <colcon_core.verb.build.BuildVerb object at 0x735ef9ac2200>>, mixin_verb=('build',))
[0.408s] Level 1:colcon.colcon_core.package_discovery:discover_packages(colcon_meta) check parameters
[0.408s] Level 1:colcon.colcon_core.package_discovery:discover_packages(recursive) check parameters
[0.408s] Level 1:colcon.colcon_core.package_discovery:discover_packages(ignore) check parameters
[0.408s] Level 1:colcon.colcon_core.package_discovery:discover_packages(path) check parameters
[0.408s] Level 1:colcon.colcon_core.package_discovery:discover_packages(colcon_meta) discover
[0.408s] Level 1:colcon.colcon_core.package_discovery:discover_packages(recursive) discover
[0.408s] INFO:colcon.colcon_core.package_discovery:Crawling recursively for packages in '/home/maeri/workspace'
[0.409s] Level 1:colcon.colcon_core.package_identification:_identify(.) by extensions ['ignore', 'ignore_ament_install']
[0.409s] Level 1:colcon.colcon_core.package_identification:_identify(.) by extension 'ignore'
[0.409s] Level 1:colcon.colcon_core.package_identification:_identify(.) by extension 'ignore_ament_install'
[0.409s] Level 1:colcon.colcon_core.package_identification:_identify(.) by extensions ['colcon_pkg']
[0.409s] Level 1:colcon.colcon_core.package_identification:_identify(.) by extension 'colcon_pkg'
[0.409s] Level 1:colcon.colcon_core.package_identification:_identify(.) by extensions ['colcon_meta']
[0.409s] Level 1:colcon.colcon_core.package_identification:_identify(.) by extension 'colcon_meta'
[0.409s] Level 1:colcon.colcon_core.package_identification:_identify(.) by extensions ['ros']
[0.409s] Level 1:colcon.colcon_core.package_identification:_identify(.) by extension 'ros'
[0.424s] Level 1:colcon.colcon_core.package_identification:_identify(.) by extensions ['cmake', 'python']
[0.424s] Level 1:colcon.colcon_core.package_identification:_identify(.) by extension 'cmake'
[0.424s] Level 1:colcon.colcon_core.package_identification:_identify(.) by extension 'python'
[0.424s] Level 1:colcon.colcon_core.package_identification:_identify(.) by extensions ['python_setup_py']
[0.425s] Level 1:colcon.colcon_core.package_identification:_identify(.) by extension 'python_setup_py'
[0.425s] Level 1:colcon.colcon_core.package_identification:_identify(build) by extensions ['ignore', 'ignore_ament_install']
[0.425s] Level 1:colcon.colcon_core.package_identification:_identify(build) by extension 'ignore'
[0.425s] Level 1:colcon.colcon_core.package_identification:_identify(build) ignored
[0.425s] Level 1:colcon.colcon_core.package_identification:_identify(install) by extensions ['ignore', 'ignore_ament_install']
[0.425s] Level 1:colcon.colcon_core.package_identification:_identify(install) by extension 'ignore'
[0.425s] Level 1:colcon.colcon_core.package_identification:_identify(install) ignored
[0.425s] Level 1:colcon.colcon_core.package_identification:_identify(log) by extensions ['ignore', 'ignore_ament_install']
[0.426s] Level 1:colcon.colcon_core.package_identification:_identify(log) by extension 'ignore'
[0.426s] Level 1:colcon.colcon_core.package_identification:_identify(log) ignored
[0.426s] Level 1:colcon.colcon_core.package_identification:_identify(src) by extensions ['ignore', 'ignore_ament_install']
[0.426s] Level 1:colcon.colcon_core.package_identification:_identify(src) by extension 'ignore'
[0.426s] Level 1:colcon.colcon_core.package_identification:_identify(src) by extension 'ignore_ament_install'
[0.426s] Level 1:colcon.colcon_core.package_identification:_identify(src) by extensions ['colcon_pkg']
[0.426s] Level 1:colcon.colcon_core.package_identification:_identify(src) by extension 'colcon_pkg'
[0.426s] Level 1:colcon.colcon_core.package_identification:_identify(src) by extensions ['colcon_meta']
[0.426s] Level 1:colcon.colcon_core.package_identification:_identify(src) by extension 'colcon_meta'
[0.426s] Level 1:colcon.colcon_core.package_identification:_identify(src) by extensions ['ros']
[0.426s] Level 1:colcon.colcon_core.package_identification:_identify(src) by extension 'ros'
[0.426s] Level 1:colcon.colcon_core.package_identification:_identify(src) by extensions ['cmake', 'python']
[0.426s] Level 1:colcon.colcon_core.package_identification:_identify(src) by extension 'cmake'
[0.427s] Level 1:colcon.colcon_core.package_identification:_identify(src) by extension 'python'
[0.427s] Level 1:colcon.colcon_core.package_identification:_identify(src) by extensions ['python_setup_py']
[0.427s] Level 1:colcon.colcon_core.package_identification:_identify(src) by extension 'python_setup_py'
[0.427s] Level 1:colcon.colcon_core.package_identification:_identify(src/person_tracker) by extensions ['ignore', 'ignore_ament_install']
[0.427s] Level 1:colcon.colcon_core.package_identification:_identify(src/person_tracker) by extension 'ignore'
[0.427s] Level 1:colcon.colcon_core.package_identification:_identify(src/person_tracker) by extension 'ignore_ament_install'
[0.427s] Level 1:colcon.colcon_core.package_identification:_identify(src/person_tracker) by extensions ['colcon_pkg']
[0.427s] Level 1:colcon.colcon_core.package_identification:_identify(src/person_tracker) by extension 'colcon_pkg'
[0.427s] Level 1:colcon.colcon_core.package_identification:_identify(src/person_tracker) by extensions ['colcon_meta']
[0.427s] Level 1:colcon.colcon_core.package_identification:_identify(src/person_tracker) by extension 'colcon_meta'
[0.427s] Level 1:colcon.colcon_core.package_identification:_identify(src/person_tracker) by extensions ['ros']
[0.427s] Level 1:colcon.colcon_core.package_identification:_identify(src/person_tracker) by extension 'ros'
[0.430s] DEBUG:colcon.colcon_core.package_identification:Package 'src/person_tracker' with type 'ros.ament_cmake' and name 'person_tracker'
[0.431s] Level 1:colcon.colcon_core.package_identification:_identify(src/tello) by extensions ['ignore', 'ignore_ament_install']
[0.431s] Level 1:colcon.colcon_core.package_identification:_identify(src/tello) by extension 'ignore'
[0.431s] Level 1:colcon.colcon_core.package_identification:_identify(src/tello) by extension 'ignore_ament_install'
[0.431s] Level 1:colcon.colcon_core.package_identification:_identify(src/tello) by extensions ['colcon_pkg']
[0.431s] Level 1:colcon.colcon_core.package_identification:_identify(src/tello) by extension 'colcon_pkg'
[0.431s] Level 1:colcon.colcon_core.package_identification:_identify(src/tello) by extensions ['colcon_meta']
[0.431s] Level 1:colcon.colcon_core.package_identification:_identify(src/tello) by extension 'colcon_meta'
[0.431s] Level 1:colcon.colcon_core.package_identification:_identify(src/tello) by extensions ['ros']
[0.431s] Level 1:colcon.colcon_core.package_identification:_identify(src/tello) by extension 'ros'
[0.432s] DEBUG:colcon.colcon_core.package_identification:Package 'src/tello' with type 'ros.ament_python' and name 'tello'
[0.432s] Level 1:colcon.colcon_core.package_discovery:discover_packages(recursive) using defaults
[0.432s] Level 1:colcon.colcon_core.package_discovery:discover_packages(ignore) discover
[0.432s] Level 1:colcon.colcon_core.package_discovery:discover_packages(ignore) using defaults
[0.432s] Level 1:colcon.colcon_core.package_discovery:discover_packages(path) discover
[0.432s] Level 1:colcon.colcon_core.package_discovery:discover_packages(path) using defaults
[0.459s] Level 1:colcon.colcon_core.package_discovery:discover_packages(prefix_path) check parameters
[0.459s] Level 1:colcon.colcon_core.package_discovery:discover_packages(prefix_path) discover
[0.464s] DEBUG:colcon.colcon_installed_package_information.package_discovery:Found 271 installed packages in /opt/ros/humble
[0.480s] Level 1:colcon.colcon_core.package_discovery:discover_packages(prefix_path) using defaults
[0.532s] Level 5:colcon.colcon_core.verb:set package 'person_tracker' build argument 'cmake_args' from command line to 'None'
[0.532s] Level 5:colcon.colcon_core.verb:set package 'person_tracker' build argument 'cmake_target' from command line to 'None'
[0.532s] Level 5:colcon.colcon_core.verb:set package 'person_tracker' build argument 'cmake_target_skip_unavailable' from command line to 'False'
[0.532s] Level 5:colcon.colcon_core.verb:set package 'person_tracker' build argument 'cmake_clean_cache' from command line to 'False'
[0.532s] Level 5:colcon.colcon_core.verb:set package 'person_tracker' build argument 'cmake_clean_first' from command line to 'False'
[0.532s] Level 5:colcon.colcon_core.verb:set package 'person_tracker' build argument 'cmake_force_configure' from command line to 'False'
[0.532s] Level 5:colcon.colcon_core.verb:set package 'person_tracker' build argument 'ament_cmake_args' from command line to 'None'
[0.532s] Level 5:colcon.colcon_core.verb:set package 'person_tracker' build argument 'catkin_cmake_args' from command line to 'None'
[0.532s] Level 5:colcon.colcon_core.verb:set package 'person_tracker' build argument 'catkin_skip_building_tests' from command line to 'False'
[0.532s] DEBUG:colcon.colcon_core.verb:Building package 'person_tracker' with the following arguments: {'ament_cmake_args': None, 'build_base': '/home/maeri/workspace/build/person_tracker', 'catkin_cmake_args': None, 'catkin_skip_building_tests': False, 'cmake_args': None, 'cmake_clean_cache': False, 'cmake_clean_first': False, 'cmake_force_configure': False, 'cmake_target': None, 'cmake_target_skip_unavailable': False, 'install_base': '/home/maeri/workspace/install/person_tracker', 'merge_install': False, 'path': '/home/maeri/workspace/src/person_tracker', 'symlink_install': False, 'test_result_base': None}
[0.532s] Level 5:colcon.colcon_core.verb:set package 'tello' build argument 'cmake_args' from command line to 'None'
[0.532s] Level 5:colcon.colcon_core.verb:set package 'tello' build argument 'cmake_target' from command line to 'None'
[0.533s] Level 5:colcon.colcon_core.verb:set package 'tello' build argument 'cmake_target_skip_unavailable' from command line to 'False'
[0.533s] Level 5:colcon.colcon_core.verb:set package 'tello' build argument 'cmake_clean_cache' from command line to 'False'
[0.533s] Level 5:colcon.colcon_core.verb:set package 'tello' build argument 'cmake_clean_first' from command line to 'False'
[0.533s] Level 5:colcon.colcon_core.verb:set package 'tello' build argument 'cmake_force_configure' from command line to 'False'
[0.533s] Level 5:colcon.colcon_core.verb:set package 'tello' build argument 'ament_cmake_args' from command line to 'None'
[0.533s] Level 5:colcon.colcon_core.verb:set package 'tello' build argument 'catkin_cmake_args' from command line to 'None'
[0.533s] Level 5:colcon.colcon_core.verb:set package 'tello' build argument 'catkin_skip_building_tests' from command line to 'False'
[0.533s] DEBUG:colcon.colcon_core.verb:Building package 'tello' with the following arguments: {'ament_cmake_args': None, 'build_base': '/home/maeri/workspace/build/tello', 'catkin_cmake_args': None, 'catkin_skip_building_tests': False, 'cmake_args': None, 'cmake_clean_cache': False, 'cmake_clean_first': False, 'cmake_force_configure': False, 'cmake_target': None, 'cmake_target_skip_unavailable': False, 'install_base': '/home/maeri/workspace/install/tello', 'merge_install': False, 'path': '/home/maeri/workspace/src/tello', 'symlink_install': False, 'test_result_base': None}
[0.533s] INFO:colcon.colcon_core.executor:Executing jobs using 'parallel' executor
[0.534s] DEBUG:colcon.colcon_parallel_executor.executor.parallel:run_until_complete
[0.534s] INFO:colcon.colcon_ros.task.ament_cmake.build:Building ROS package in '/home/maeri/workspace/src/person_tracker' with build type 'ament_cmake'
[0.534s] INFO:colcon.colcon_cmake.task.cmake.build:Building CMake package in '/home/maeri/workspace/src/person_tracker'
[0.537s] INFO:colcon.colcon_core.plugin_system:Skipping extension 'colcon_core.shell.bat': Not used on non-Windows systems
[0.537s] INFO:colcon.colcon_core.shell:Skip shell extension 'powershell' for command environment: Not usable outside of PowerShell
[0.538s] DEBUG:colcon.colcon_core.shell:Skip shell extension 'dsv' for command environment
[0.542s] INFO:colcon.colcon_ros.task.ament_python.build:Building ROS package in '/home/maeri/workspace/src/tello' with build type 'ament_python'
[0.542s] Level 1:colcon.colcon_core.shell:create_environment_hook('tello', 'ament_prefix_path')
[0.543s] INFO:colcon.colcon_core.shell:Creating environment hook '/home/maeri/workspace/install/tello/share/tello/hook/ament_prefix_path.ps1'
[0.544s] INFO:colcon.colcon_core.shell:Creating environment descriptor '/home/maeri/workspace/install/tello/share/tello/hook/ament_prefix_path.dsv'
[0.544s] INFO:colcon.colcon_core.shell:Creating environment hook '/home/maeri/workspace/install/tello/share/tello/hook/ament_prefix_path.sh'
[0.545s] INFO:colcon.colcon_core.shell:Skip shell extension 'powershell' for command environment: Not usable outside of PowerShell
[0.545s] DEBUG:colcon.colcon_core.shell:Skip shell extension 'dsv' for command environment
[0.554s] DEBUG:colcon.colcon_core.event_handler.log_command:Invoking command in '/home/maeri/workspace/build/person_tracker': CMAKE_PREFIX_PATH=/opt/ros/humble /usr/bin/cmake --build /home/maeri/workspace/build/person_tracker -- -j4 -l4
[0.945s] INFO:colcon.colcon_core.task.python.build:Building Python package in '/home/maeri/workspace/src/tello'
[0.946s] INFO:colcon.colcon_core.shell:Skip shell extension 'powershell' for command environment: Not usable outside of PowerShell
[0.946s] DEBUG:colcon.colcon_core.shell:Skip shell extension 'dsv' for command environment
[0.951s] DEBUG:colcon.colcon_core.event_handler.log_command:Invoked command in '/home/maeri/workspace/build/person_tracker' returned '0': CMAKE_PREFIX_PATH=/opt/ros/humble /usr/bin/cmake --build /home/maeri/workspace/build/person_tracker -- -j4 -l4
[1.009s] DEBUG:colcon.colcon_core.event_handler.log_command:Invoking command in '/home/maeri/workspace/build/person_tracker': CMAKE_PREFIX_PATH=/opt/ros/humble /usr/bin/cmake --install /home/maeri/workspace/build/person_tracker
[1.025s] Level 1:colcon.colcon_core.environment:create_environment_scripts_only(person_tracker)
[1.029s] Level 1:colcon.colcon_core.environment:checking '/home/maeri/workspace/install/person_tracker' for CMake module files
[1.029s] DEBUG:colcon.colcon_core.event_handler.log_command:Invoked command in '/home/maeri/workspace/build/person_tracker' returned '0': CMAKE_PREFIX_PATH=/opt/ros/humble /usr/bin/cmake --install /home/maeri/workspace/build/person_tracker
[1.031s] Level 1:colcon.colcon_core.environment:checking '/home/maeri/workspace/install/person_tracker' for CMake config files
[1.031s] Level 1:colcon.colcon_core.shell:create_environment_hook('person_tracker', 'cmake_prefix_path')
[1.032s] INFO:colcon.colcon_core.shell:Creating environment hook '/home/maeri/workspace/install/person_tracker/share/person_tracker/hook/cmake_prefix_path.ps1'
[1.033s] INFO:colcon.colcon_core.shell:Creating environment descriptor '/home/maeri/workspace/install/person_tracker/share/person_tracker/hook/cmake_prefix_path.dsv'
[1.034s] INFO:colcon.colcon_core.shell:Creating environment hook '/home/maeri/workspace/install/person_tracker/share/person_tracker/hook/cmake_prefix_path.sh'
[1.035s] Level 1:colcon.colcon_core.environment:checking '/home/maeri/workspace/install/person_tracker/bin'
[1.036s] Level 1:colcon.colcon_core.environment:checking '/home/maeri/workspace/install/person_tracker/lib/pkgconfig/person_tracker.pc'
[1.036s] Level 1:colcon.colcon_core.environment:checking '/home/maeri/workspace/install/person_tracker/lib/python3.10/site-packages'
[1.036s] Level 1:colcon.colcon_core.environment:checking '/home/maeri/workspace/install/person_tracker/bin'
[1.037s] INFO:colcon.colcon_core.shell:Creating package script '/home/maeri/workspace/install/person_tracker/share/person_tracker/package.ps1'
[1.038s] INFO:colcon.colcon_core.shell:Creating package descriptor '/home/maeri/workspace/install/person_tracker/share/person_tracker/package.dsv'
[1.039s] INFO:colcon.colcon_core.shell:Creating package script '/home/maeri/workspace/install/person_tracker/share/person_tracker/package.sh'
[1.040s] INFO:colcon.colcon_core.shell:Creating package script '/home/maeri/workspace/install/person_tracker/share/person_tracker/package.bash'
[1.041s] INFO:colcon.colcon_core.shell:Creating package script '/home/maeri/workspace/install/person_tracker/share/person_tracker/package.zsh'
[1.043s] Level 1:colcon.colcon_core.environment:create_file_with_runtime_dependencies(/home/maeri/workspace/install/person_tracker/share/colcon-core/packages/person_tracker)
[1.080s] Level 1:colcon.colcon_core.environment:create_environment_scripts_only(person_tracker)
[1.080s] Level 1:colcon.colcon_core.environment:checking '/home/maeri/workspace/install/person_tracker' for CMake module files
[1.081s] Level 1:colcon.colcon_core.environment:checking '/home/maeri/workspace/install/person_tracker' for CMake config files
[1.081s] Level 1:colcon.colcon_core.shell:create_environment_hook('person_tracker', 'cmake_prefix_path')
[1.081s] INFO:colcon.colcon_core.shell:Creating environment hook '/home/maeri/workspace/install/person_tracker/share/person_tracker/hook/cmake_prefix_path.ps1'
[1.082s] INFO:colcon.colcon_core.shell:Creating environment descriptor '/home/maeri/workspace/install/person_tracker/share/person_tracker/hook/cmake_prefix_path.dsv'
[1.082s] INFO:colcon.colcon_core.shell:Creating environment hook '/home/maeri/workspace/install/person_tracker/share/person_tracker/hook/cmake_prefix_path.sh'
[1.083s] Level 1:colcon.colcon_core.environment:checking '/home/maeri/workspace/install/person_tracker/bin'
[1.083s] Level 1:colcon.colcon_core.environment:checking '/home/maeri/workspace/install/person_tracker/lib/pkgconfig/person_tracker.pc'
[1.083s] Level 1:colcon.colcon_core.environment:checking '/home/maeri/workspace/install/person_tracker/lib/python3.10/site-packages'
[1.083s] Level 1:colcon.colcon_core.environment:checking '/home/maeri/workspace/install/person_tracker/bin'
[1.084s] INFO:colcon.colcon_core.shell:Creating package script '/home/maeri/workspace/install/person_tracker/share/person_tracker/package.ps1'
[1.084s] INFO:colcon.colcon_core.shell:Creating package descriptor '/home/maeri/workspace/install/person_tracker/share/person_tracker/package.dsv'
[1.085s] INFO:colcon.colcon_core.shell:Creating package script '/home/maeri/workspace/install/person_tracker/share/person_tracker/package.sh'
[1.086s] INFO:colcon.colcon_core.shell:Creating package script '/home/maeri/workspace/install/person_tracker/share/person_tracker/package.bash'
[1.086s] INFO:colcon.colcon_core.shell:Creating package script '/home/maeri/workspace/install/person_tracker/share/person_tracker/package.zsh'
[1.086s] Level 1:colcon.colcon_core.environment:create_file_with_runtime_dependencies(/home/maeri/workspace/install/person_tracker/share/colcon-core/packages/person_tracker)
[1.434s] DEBUG:colcon.colcon_core.event_handler.log_command:Invoking command in '/home/maeri/workspace/src/tello': PYTHONPATH=/home/maeri/workspace/build/tello/prefix_override:/usr/lib/python3/dist-packages/colcon_core/task/python/colcon_distutils_commands:/home/maeri/workspace/install/tello/lib/python3.10/site-packages:${PYTHONPATH} /usr/bin/python3 -W ignore:setup.py install is deprecated setup.py egg_info --egg-base ../../build/tello build --build-base /home/maeri/workspace/build/tello/build install --record /home/maeri/workspace/build/tello/install.log --single-version-externally-managed install_data
[1.887s] Level 1:colcon.colcon_core.environment:checking '/home/maeri/workspace/install/tello' for CMake module files
[1.888s] DEBUG:colcon.colcon_core.event_handler.log_command:Invoked command in '/home/maeri/workspace/src/tello' returned '0': PYTHONPATH=/home/maeri/workspace/build/tello/prefix_override:/usr/lib/python3/dist-packages/colcon_core/task/python/colcon_distutils_commands:/home/maeri/workspace/install/tello/lib/python3.10/site-packages:${PYTHONPATH} /usr/bin/python3 -W ignore:setup.py install is deprecated setup.py egg_info --egg-base ../../build/tello build --build-base /home/maeri/workspace/build/tello/build install --record /home/maeri/workspace/build/tello/install.log --single-version-externally-managed install_data
[1.888s] Level 1:colcon.colcon_core.environment:checking '/home/maeri/workspace/install/tello' for CMake config files
[1.889s] Level 1:colcon.colcon_core.shell:create_environment_hook('tello', 'cmake_prefix_path')
[1.889s] INFO:colcon.colcon_core.shell:Creating environment hook '/home/maeri/workspace/install/tello/share/tello/hook/cmake_prefix_path.ps1'
[1.890s] INFO:colcon.colcon_core.shell:Creating environment descriptor '/home/maeri/workspace/install/tello/share/tello/hook/cmake_prefix_path.dsv'
[1.890s] INFO:colcon.colcon_core.shell:Creating environment hook '/home/maeri/workspace/install/tello/share/tello/hook/cmake_prefix_path.sh'
[1.891s] Level 1:colcon.colcon_core.environment:checking '/home/maeri/workspace/install/tello/lib'
[1.891s] Level 1:colcon.colcon_core.environment:checking '/home/maeri/workspace/install/tello/bin'
[1.891s] Level 1:colcon.colcon_core.environment:checking '/home/maeri/workspace/install/tello/lib/pkgconfig/tello.pc'
[1.892s] Level 1:colcon.colcon_core.environment:checking '/home/maeri/workspace/install/tello/lib/python3.10/site-packages'
[1.892s] Level 1:colcon.colcon_core.shell:create_environment_hook('tello', 'pythonpath')
[1.892s] INFO:colcon.colcon_core.shell:Creating environment hook '/home/maeri/workspace/install/tello/share/tello/hook/pythonpath.ps1'
[1.893s] INFO:colcon.colcon_core.shell:Creating environment descriptor '/home/maeri/workspace/install/tello/share/tello/hook/pythonpath.dsv'
[1.893s] INFO:colcon.colcon_core.shell:Creating environment hook '/home/maeri/workspace/install/tello/share/tello/hook/pythonpath.sh'
[1.894s] Level 1:colcon.colcon_core.environment:checking '/home/maeri/workspace/install/tello/bin'
[1.894s] Level 1:colcon.colcon_core.environment:create_environment_scripts_only(tello)
[1.895s] INFO:colcon.colcon_core.shell:Creating package script '/home/maeri/workspace/install/tello/share/tello/package.ps1'
[1.895s] INFO:colcon.colcon_core.shell:Creating package descriptor '/home/maeri/workspace/install/tello/share/tello/package.dsv'
[1.896s] INFO:colcon.colcon_core.shell:Creating package script '/home/maeri/workspace/install/tello/share/tello/package.sh'
[1.896s] INFO:colcon.colcon_core.shell:Creating package script '/home/maeri/workspace/install/tello/share/tello/package.bash'
[1.897s] INFO:colcon.colcon_core.shell:Creating package script '/home/maeri/workspace/install/tello/share/tello/package.zsh'
[1.897s] Level 1:colcon.colcon_core.environment:create_file_with_runtime_dependencies(/home/maeri/workspace/install/tello/share/colcon-core/packages/tello)
[1.897s] DEBUG:colcon.colcon_parallel_executor.executor.parallel:closing loop
[1.898s] DEBUG:colcon.colcon_parallel_executor.executor.parallel:loop closed
[1.898s] DEBUG:colcon.colcon_parallel_executor.executor.parallel:run_until_complete finished with '0'
[1.898s] DEBUG:colcon.colcon_core.event_reactor:joining thread
[1.905s] INFO:colcon.colcon_core.plugin_system:Skipping extension 'colcon_notification.desktop_notification.terminal_notifier': Not used on non-Darwin systems
[1.905s] INFO:colcon.colcon_core.plugin_system:Skipping extension 'colcon_notification.desktop_notification.win32': Not used on non-Windows systems
[1.905s] INFO:colcon.colcon_notification.desktop_notification:Sending desktop notification using 'notify2'
[1.929s] DEBUG:colcon.colcon_core.event_reactor:joined thread
[1.930s] INFO:colcon.colcon_core.shell:Creating prefix script '/home/maeri/workspace/install/local_setup.ps1'
[1.931s] INFO:colcon.colcon_core.shell:Creating prefix util module '/home/maeri/workspace/install/_local_setup_util_ps1.py'
[1.933s] INFO:colcon.colcon_core.shell:Creating prefix chain script '/home/maeri/workspace/install/setup.ps1'
[1.935s] INFO:colcon.colcon_core.shell:Creating prefix script '/home/maeri/workspace/install/local_setup.sh'
[1.936s] INFO:colcon.colcon_core.shell:Creating prefix util module '/home/maeri/workspace/install/_local_setup_util_sh.py'
[1.937s] INFO:colcon.colcon_core.shell:Creating prefix chain script '/home/maeri/workspace/install/setup.sh'
[1.939s] INFO:colcon.colcon_core.shell:Creating prefix script '/home/maeri/workspace/install/local_setup.bash'
[1.940s] INFO:colcon.colcon_core.shell:Creating prefix chain script '/home/maeri/workspace/install/setup.bash'
[1.941s] INFO:colcon.colcon_core.shell:Creating prefix script '/home/maeri/workspace/install/local_setup.zsh'
[1.942s] INFO:colcon.colcon_core.shell:Creating prefix chain script '/home/maeri/workspace/install/setup.zsh'
