[0.019s] Invoking command in '/home/maeri/workspace/build/person_tracker': CMAKE_PREFIX_PATH=/opt/ros/humble /usr/bin/cmake /home/maeri/workspace/src/person_tracker -DCMAKE_INSTALL_PREFIX=/home/maeri/workspace/install/person_tracker
[0.232s] -- The C compiler identification is GNU 11.4.0
[0.408s] -- The CXX compiler identification is GNU 11.4.0
[0.423s] -- Detecting C compiler ABI info
[0.521s] -- Detecting C compiler ABI info - done
[0.530s] -- Check for working C compiler: /usr/bin/cc - skipped
[0.531s] -- Detecting C compile features
[0.532s] -- Detecting C compile features - done
[0.537s] -- Detecting CXX compiler ABI info
[0.639s] -- Detecting CXX compiler ABI info - done
[0.648s] -- Check for working CXX compiler: /usr/bin/c++ - skipped
[0.649s] -- Detecting CXX compile features
[0.649s] -- Detecting CXX compile features - done
[0.653s] -- Found ament_cmake: 1.3.9 (/opt/ros/humble/share/ament_cmake/cmake)
[0.849s] -- Found Python3: /usr/bin/python3 (found version "3.10.12") found components: Interpreter 
[0.979s] -- Found ament_lint_auto: 0.12.11 (/opt/ros/humble/share/ament_lint_auto/cmake)
[1.077s] -- Added test 'lint_cmake' to check CMake code style
[1.087s] -- Added test 'xmllint' to check XML markup files
[1.087s] -- Configuring done
[1.088s] -- Generating done
[1.088s] -- Build files have been written to: /home/maeri/workspace/build/person_tracker
[1.091s] Invoked command in '/home/maeri/workspace/build/person_tracker' returned '0': CMAKE_PREFIX_PATH=/opt/ros/humble /usr/bin/cmake /home/maeri/workspace/src/person_tracker -DCMAKE_INSTALL_PREFIX=/home/maeri/workspace/install/person_tracker
[1.094s] Invoking command in '/home/maeri/workspace/build/person_tracker': CMAKE_PREFIX_PATH=/opt/ros/humble /usr/bin/cmake --build /home/maeri/workspace/build/person_tracker -- -j4 -l4
[1.144s] Invoked command in '/home/maeri/workspace/build/person_tracker' returned '0': CMAKE_PREFIX_PATH=/opt/ros/humble /usr/bin/cmake --build /home/maeri/workspace/build/person_tracker -- -j4 -l4
[1.188s] Invoking command in '/home/maeri/workspace/build/person_tracker': CMAKE_PREFIX_PATH=/opt/ros/humble /usr/bin/cmake --install /home/maeri/workspace/build/person_tracker
[1.197s] -- Install configuration: ""
[1.197s] -- Installing: /home/maeri/workspace/install/person_tracker/share/ament_index/resource_index/package_run_dependencies/person_tracker
[1.197s] -- Installing: /home/maeri/workspace/install/person_tracker/share/ament_index/resource_index/parent_prefix_path/person_tracker
[1.198s] -- Installing: /home/maeri/workspace/install/person_tracker/share/person_tracker/environment/ament_prefix_path.sh
[1.198s] -- Installing: /home/maeri/workspace/install/person_tracker/share/person_tracker/environment/ament_prefix_path.dsv
[1.198s] -- Installing: /home/maeri/workspace/install/person_tracker/share/person_tracker/environment/path.sh
[1.198s] -- Installing: /home/maeri/workspace/install/person_tracker/share/person_tracker/environment/path.dsv
[1.198s] -- Installing: /home/maeri/workspace/install/person_tracker/share/person_tracker/local_setup.bash
[1.199s] -- Installing: /home/maeri/workspace/install/person_tracker/share/person_tracker/local_setup.sh
[1.199s] -- Installing: /home/maeri/workspace/install/person_tracker/share/person_tracker/local_setup.zsh
[1.199s] -- Installing: /home/maeri/workspace/install/person_tracker/share/person_tracker/local_setup.dsv
[1.200s] -- Installing: /home/maeri/workspace/install/person_tracker/share/person_tracker/package.dsv
[1.200s] -- Installing: /home/maeri/workspace/install/person_tracker/share/ament_index/resource_index/packages/person_tracker
[1.200s] -- Installing: /home/maeri/workspace/install/person_tracker/share/person_tracker/cmake/person_trackerConfig.cmake
[1.200s] -- Installing: /home/maeri/workspace/install/person_tracker/share/person_tracker/cmake/person_trackerConfig-version.cmake
[1.201s] -- Installing: /home/maeri/workspace/install/person_tracker/share/person_tracker/package.xml
[1.203s] Invoked command in '/home/maeri/workspace/build/person_tracker' returned '0': CMAKE_PREFIX_PATH=/opt/ros/humble /usr/bin/cmake --install /home/maeri/workspace/build/person_tracker
