[0.730s] Invoking command in '/home/maeri/workspace/src/tello': CONDA_PROMPT_MODIFIER=(base) PYTHONPATH=/home/maeri/workspace/build/tello/prefix_override:/home/maeri/workspace/install/tello/lib/python3.10/site-packages:${PYTHONPATH} /usr/bin/python3 -W ignore:setup.py install is deprecated setup.py egg_info --egg-base ../../build/tello build --build-base /home/maeri/workspace/build/tello/build install --record /home/maeri/workspace/build/tello/install.log --single-version-externally-managed install_data
[1.005s] running egg_info
[1.006s] writing ../../build/tello/tello.egg-info/PKG-INFO
[1.006s] writing dependency_links to ../../build/tello/tello.egg-info/dependency_links.txt
[1.006s] writing entry points to ../../build/tello/tello.egg-info/entry_points.txt
[1.007s] writing requirements to ../../build/tello/tello.egg-info/requires.txt
[1.007s] writing top-level names to ../../build/tello/tello.egg-info/top_level.txt
[1.008s] reading manifest file '../../build/tello/tello.egg-info/SOURCES.txt'
[1.009s] adding license file 'LICENSE'
[1.010s] writing manifest file '../../build/tello/tello.egg-info/SOURCES.txt'
[1.010s] running build
[1.010s] running build_py
[1.010s] running install
[1.011s] running install_lib
[1.012s] running install_data
[1.013s] running install_egg_info
[1.015s] removing '/home/maeri/workspace/install/tello/lib/python3.10/site-packages/tello-0.0.0-py3.10.egg-info' (and everything under it)
[1.015s] Copying ../../build/tello/tello.egg-info to /home/maeri/workspace/install/tello/lib/python3.10/site-packages/tello-0.0.0-py3.10.egg-info
[1.016s] running install_scripts
[1.039s] Installing camera_pub script to /home/maeri/workspace/install/tello/lib/tello
[1.040s] Installing camera_sub script to /home/maeri/workspace/install/tello/lib/tello
[1.040s] Installing detected_pub script to /home/maeri/workspace/install/tello/lib/tello
[1.040s] Installing listener script to /home/maeri/workspace/install/tello/lib/tello
[1.040s] Installing talker script to /home/maeri/workspace/install/tello/lib/tello
[1.040s] writing list of installed files to '/home/maeri/workspace/build/tello/install.log'
[1.067s] Invoked command in '/home/maeri/workspace/src/tello' returned '0': CONDA_PROMPT_MODIFIER=(base) PYTHONPATH=/home/maeri/workspace/build/tello/prefix_override:/home/maeri/workspace/install/tello/lib/python3.10/site-packages:${PYTHONPATH} /usr/bin/python3 -W ignore:setup.py install is deprecated setup.py egg_info --egg-base ../../build/tello build --build-base /home/maeri/workspace/build/tello/build install --record /home/maeri/workspace/build/tello/install.log --single-version-externally-managed install_data
