running egg_info
creating ../../build/tello/tello.egg-info
writing ../../build/tello/tello.egg-info/PKG-INFO
writing dependency_links to ../../build/tello/tello.egg-info/dependency_links.txt
writing entry points to ../../build/tello/tello.egg-info/entry_points.txt
writing requirements to ../../build/tello/tello.egg-info/requires.txt
writing top-level names to ../../build/tello/tello.egg-info/top_level.txt
writing manifest file '../../build/tello/tello.egg-info/SOURCES.txt'
reading manifest file '../../build/tello/tello.egg-info/SOURCES.txt'
adding license file 'LICENSE'
writing manifest file '../../build/tello/tello.egg-info/SOURCES.txt'
running build
running build_py
creating /home/maeri/workspace/build/tello/build
creating /home/maeri/workspace/build/tello/build/lib
creating /home/maeri/workspace/build/tello/build/lib/tello
copying tello/hello.py -> /home/maeri/workspace/build/tello/build/lib/tello
copying tello/__init__.py -> /home/maeri/workspace/build/tello/build/lib/tello
copying tello/camera_publisher.py -> /home/maeri/workspace/build/tello/build/lib/tello
copying tello/sub1.py -> /home/maeri/workspace/build/tello/build/lib/tello
running install
running install_lib
creating /home/maeri/workspace/install/tello/lib/python3.10/site-packages/tello
copying /home/maeri/workspace/build/tello/build/lib/tello/hello.py -> /home/maeri/workspace/install/tello/lib/python3.10/site-packages/tello
copying /home/maeri/workspace/build/tello/build/lib/tello/__init__.py -> /home/maeri/workspace/install/tello/lib/python3.10/site-packages/tello
copying /home/maeri/workspace/build/tello/build/lib/tello/camera_publisher.py -> /home/maeri/workspace/install/tello/lib/python3.10/site-packages/tello
copying /home/maeri/workspace/build/tello/build/lib/tello/sub1.py -> /home/maeri/workspace/install/tello/lib/python3.10/site-packages/tello
byte-compiling /home/maeri/workspace/install/tello/lib/python3.10/site-packages/tello/hello.py to hello.cpython-310.pyc
byte-compiling /home/maeri/workspace/install/tello/lib/python3.10/site-packages/tello/__init__.py to __init__.cpython-310.pyc
byte-compiling /home/maeri/workspace/install/tello/lib/python3.10/site-packages/tello/camera_publisher.py to camera_publisher.cpython-310.pyc
byte-compiling /home/maeri/workspace/install/tello/lib/python3.10/site-packages/tello/sub1.py to sub1.cpython-310.pyc
running install_data
copying resource/tello -> /home/maeri/workspace/install/tello/share/ament_index/resource_index/packages
copying package.xml -> /home/maeri/workspace/install/tello/share/tello
running install_egg_info
Copying ../../build/tello/tello.egg-info to /home/maeri/workspace/install/tello/lib/python3.10/site-packages/tello-0.0.0-py3.10.egg-info
running install_scripts
Installing camera_pub script to /home/maeri/workspace/install/tello/lib/tello
Installing camera_sub script to /home/maeri/workspace/install/tello/lib/tello
Installing detected_pub script to /home/maeri/workspace/install/tello/lib/tello
Installing listener script to /home/maeri/workspace/install/tello/lib/tello
Installing talker script to /home/maeri/workspace/install/tello/lib/tello
writing list of installed files to '/home/maeri/workspace/build/tello/install.log'
