-- Found ament_cmake: 1.3.9 (/opt/ros/humble/share/ament_cmake/cmake)
-- Found ament_lint_auto: 0.12.11 (/opt/ros/humble/share/ament_lint_auto/cmake)
-- Added test 'lint_cmake' to check CMake code style
-- Added test 'xmllint' to check XML markup files
-- Configuring done
-- Generating done
-- Build files have been written to: /home/maeri/workspace/build/person_tracker
-- Install configuration: ""
-- Up-to-date: /home/maeri/workspace/install/person_tracker/share/ament_index/resource_index/package_run_dependencies/person_tracker
-- Up-to-date: /home/maeri/workspace/install/person_tracker/share/ament_index/resource_index/parent_prefix_path/person_tracker
-- Up-to-date: /home/maeri/workspace/install/person_tracker/share/person_tracker/environment/ament_prefix_path.sh
-- Installing: /home/maeri/workspace/install/person_tracker/share/person_tracker/environment/ament_prefix_path.dsv
-- Up-to-date: /home/maeri/workspace/install/person_tracker/share/person_tracker/environment/path.sh
-- Installing: /home/maeri/workspace/install/person_tracker/share/person_tracker/environment/path.dsv
-- Up-to-date: /home/maeri/workspace/install/person_tracker/share/person_tracker/local_setup.bash
-- Up-to-date: /home/maeri/workspace/install/person_tracker/share/person_tracker/local_setup.sh
-- Up-to-date: /home/maeri/workspace/install/person_tracker/share/person_tracker/local_setup.zsh
-- Installing: /home/maeri/workspace/install/person_tracker/share/person_tracker/local_setup.dsv
-- Installing: /home/maeri/workspace/install/person_tracker/share/person_tracker/package.dsv
-- Up-to-date: /home/maeri/workspace/install/person_tracker/share/ament_index/resource_index/packages/person_tracker
-- Up-to-date: /home/maeri/workspace/install/person_tracker/share/person_tracker/cmake/person_trackerConfig.cmake
-- Up-to-date: /home/maeri/workspace/install/person_tracker/share/person_tracker/cmake/person_trackerConfig-version.cmake
-- Installing: /home/maeri/workspace/install/person_tracker/share/person_tracker/package.xml
