[0.019s] Invoking command in '/home/maeri/workspace/build/person_tracker': CMAKE_PREFIX_PATH=/opt/ros/humble /usr/bin/cmake --build /home/maeri/workspace/build/person_tracker -- -j4 -l4
[0.056s] -- Found ament_cmake: 1.3.9 (/opt/ros/humble/share/ament_cmake/cmake)
[0.244s] -- Found ament_lint_auto: 0.12.11 (/opt/ros/humble/share/ament_lint_auto/cmake)
[0.346s] -- Added test 'lint_cmake' to check CMake code style
[0.348s] -- Added test 'xmllint' to check XML markup files
[0.349s] -- Configuring done
[0.353s] -- Generating done
[0.354s] -- Build files have been written to: /home/maeri/workspace/build/person_tracker
[0.415s] Invoked command in '/home/maeri/workspace/build/person_tracker' returned '0': CMAKE_PREFIX_PATH=/opt/ros/humble /usr/bin/cmake --build /home/maeri/workspace/build/person_tracker -- -j4 -l4
[0.474s] Invoking command in '/home/maeri/workspace/build/person_tracker': CMAKE_PREFIX_PATH=/opt/ros/humble /usr/bin/cmake --install /home/maeri/workspace/build/person_tracker
[0.486s] -- Install configuration: ""
[0.486s] -- Up-to-date: /home/maeri/workspace/install/person_tracker/share/ament_index/resource_index/package_run_dependencies/person_tracker
[0.486s] -- Up-to-date: /home/maeri/workspace/install/person_tracker/share/ament_index/resource_index/parent_prefix_path/person_tracker
[0.486s] -- Up-to-date: /home/maeri/workspace/install/person_tracker/share/person_tracker/environment/ament_prefix_path.sh
[0.487s] -- Installing: /home/maeri/workspace/install/person_tracker/share/person_tracker/environment/ament_prefix_path.dsv
[0.487s] -- Up-to-date: /home/maeri/workspace/install/person_tracker/share/person_tracker/environment/path.sh
[0.487s] -- Installing: /home/maeri/workspace/install/person_tracker/share/person_tracker/environment/path.dsv
[0.487s] -- Up-to-date: /home/maeri/workspace/install/person_tracker/share/person_tracker/local_setup.bash
[0.487s] -- Up-to-date: /home/maeri/workspace/install/person_tracker/share/person_tracker/local_setup.sh
[0.487s] -- Up-to-date: /home/maeri/workspace/install/person_tracker/share/person_tracker/local_setup.zsh
[0.487s] -- Installing: /home/maeri/workspace/install/person_tracker/share/person_tracker/local_setup.dsv
[0.487s] -- Installing: /home/maeri/workspace/install/person_tracker/share/person_tracker/package.dsv
[0.488s] -- Up-to-date: /home/maeri/workspace/install/person_tracker/share/ament_index/resource_index/packages/person_tracker
[0.488s] -- Up-to-date: /home/maeri/workspace/install/person_tracker/share/person_tracker/cmake/person_trackerConfig.cmake
[0.488s] -- Up-to-date: /home/maeri/workspace/install/person_tracker/share/person_tracker/cmake/person_trackerConfig-version.cmake
[0.488s] -- Installing: /home/maeri/workspace/install/person_tracker/share/person_tracker/package.xml
[0.494s] Invoked command in '/home/maeri/workspace/build/person_tracker' returned '0': CMAKE_PREFIX_PATH=/opt/ros/humble /usr/bin/cmake --install /home/maeri/workspace/build/person_tracker
