running egg_info
writing ../../build/tello/tello.egg-info/PKG-INFO
writing dependency_links to ../../build/tello/tello.egg-info/dependency_links.txt
writing entry points to ../../build/tello/tello.egg-info/entry_points.txt
writing requirements to ../../build/tello/tello.egg-info/requires.txt
writing top-level names to ../../build/tello/tello.egg-info/top_level.txt
reading manifest file '../../build/tello/tello.egg-info/SOURCES.txt'
adding license file 'LICENSE'
writing manifest file '../../build/tello/tello.egg-info/SOURCES.txt'
running build
running build_py
copying tello/camera_publisher.py -> /home/maeri/workspace/build/tello/build/lib/tello
copying tello/sub1.py -> /home/maeri/workspace/build/tello/build/lib/tello
running install
running install_lib
copying /home/maeri/workspace/build/tello/build/lib/tello/camera_publisher.py -> /home/maeri/workspace/install/tello/lib/python3.10/site-packages/tello
copying /home/maeri/workspace/build/tello/build/lib/tello/sub1.py -> /home/maeri/workspace/install/tello/lib/python3.10/site-packages/tello
byte-compiling /home/maeri/workspace/install/tello/lib/python3.10/site-packages/tello/camera_publisher.py to camera_publisher.cpython-310.pyc
byte-compiling /home/maeri/workspace/install/tello/lib/python3.10/site-packages/tello/sub1.py to sub1.cpython-310.pyc
running install_data
running install_egg_info
removing '/home/maeri/workspace/install/tello/lib/python3.10/site-packages/tello-0.0.0-py3.10.egg-info' (and everything under it)
Copying ../../build/tello/tello.egg-info to /home/maeri/workspace/install/tello/lib/python3.10/site-packages/tello-0.0.0-py3.10.egg-info
running install_scripts
Installing camera_pub script to /home/maeri/workspace/install/tello/lib/tello
Installing camera_sub script to /home/maeri/workspace/install/tello/lib/tello
Installing detected_pub script to /home/maeri/workspace/install/tello/lib/tello
Installing listener script to /home/maeri/workspace/install/tello/lib/tello
Installing talker script to /home/maeri/workspace/install/tello/lib/tello
writing list of installed files to '/home/maeri/workspace/build/tello/install.log'
