[0.705s] Invoking command in '/home/maeri/workspace/src/tello': CONDA_PROMPT_MODIFIER=(base) PYTHONPATH=/home/maeri/workspace/build/tello/prefix_override:/home/maeri/workspace/install/tello/lib/python3.10/site-packages:${PYTHONPATH} /usr/bin/python3 -W ignore:setup.py install is deprecated setup.py egg_info --egg-base ../../build/tello build --build-base /home/maeri/workspace/build/tello/build install --record /home/maeri/workspace/build/tello/install.log --single-version-externally-managed install_data
[0.972s] running egg_info
[0.973s] writing ../../build/tello/tello.egg-info/PKG-INFO
[0.973s] writing dependency_links to ../../build/tello/tello.egg-info/dependency_links.txt
[0.974s] writing entry points to ../../build/tello/tello.egg-info/entry_points.txt
[0.974s] writing requirements to ../../build/tello/tello.egg-info/requires.txt
[0.974s] writing top-level names to ../../build/tello/tello.egg-info/top_level.txt
[0.976s] reading manifest file '../../build/tello/tello.egg-info/SOURCES.txt'
[0.977s] adding license file 'LICENSE'
[0.977s] writing manifest file '../../build/tello/tello.egg-info/SOURCES.txt'
[0.978s] running build
[0.978s] running build_py
[0.978s] copying tello/camera_publisher.py -> /home/maeri/workspace/build/tello/build/lib/tello
[0.978s] copying tello/sub1.py -> /home/maeri/workspace/build/tello/build/lib/tello
[0.978s] running install
[0.979s] running install_lib
[0.980s] copying /home/maeri/workspace/build/tello/build/lib/tello/camera_publisher.py -> /home/maeri/workspace/install/tello/lib/python3.10/site-packages/tello
[0.980s] copying /home/maeri/workspace/build/tello/build/lib/tello/sub1.py -> /home/maeri/workspace/install/tello/lib/python3.10/site-packages/tello
[0.980s] byte-compiling /home/maeri/workspace/install/tello/lib/python3.10/site-packages/tello/camera_publisher.py to camera_publisher.cpython-310.pyc
[0.981s] byte-compiling /home/maeri/workspace/install/tello/lib/python3.10/site-packages/tello/sub1.py to sub1.cpython-310.pyc
[0.982s] running install_data
[0.982s] running install_egg_info
[0.984s] removing '/home/maeri/workspace/install/tello/lib/python3.10/site-packages/tello-0.0.0-py3.10.egg-info' (and everything under it)
[0.985s] Copying ../../build/tello/tello.egg-info to /home/maeri/workspace/install/tello/lib/python3.10/site-packages/tello-0.0.0-py3.10.egg-info
[0.986s] running install_scripts
[1.006s] Installing camera_pub script to /home/maeri/workspace/install/tello/lib/tello
[1.007s] Installing camera_sub script to /home/maeri/workspace/install/tello/lib/tello
[1.007s] Installing detected_pub script to /home/maeri/workspace/install/tello/lib/tello
[1.007s] Installing listener script to /home/maeri/workspace/install/tello/lib/tello
[1.007s] Installing talker script to /home/maeri/workspace/install/tello/lib/tello
[1.008s] writing list of installed files to '/home/maeri/workspace/build/tello/install.log'
[1.034s] Invoked command in '/home/maeri/workspace/src/tello' returned '0': CONDA_PROMPT_MODIFIER=(base) PYTHONPATH=/home/maeri/workspace/build/tello/prefix_override:/home/maeri/workspace/install/tello/lib/python3.10/site-packages:${PYTHONPATH} /usr/bin/python3 -W ignore:setup.py install is deprecated setup.py egg_info --egg-base ../../build/tello build --build-base /home/maeri/workspace/build/tello/build install --record /home/maeri/workspace/build/tello/install.log --single-version-externally-managed install_data
