[0.859s] Invoking command in '/home/maeri/workspace/src/tello': CONDA_PROMPT_MODIFIER=(pyenv) PYTHONPATH=/home/maeri/workspace/build/tello/prefix_override:/home/maeri/workspace/install/tello/lib/python3.10/site-packages:${PYTHONPATH} /usr/bin/python3 -W ignore:setup.py install is deprecated setup.py egg_info --egg-base ../../build/tello build --build-base /home/maeri/workspace/build/tello/build install --record /home/maeri/workspace/build/tello/install.log --single-version-externally-managed install_data
[1.151s] running egg_info
[1.152s] writing ../../build/tello/tello.egg-info/PKG-INFO
[1.154s] writing dependency_links to ../../build/tello/tello.egg-info/dependency_links.txt
[1.154s] writing entry points to ../../build/tello/tello.egg-info/entry_points.txt
[1.154s] writing requirements to ../../build/tello/tello.egg-info/requires.txt
[1.154s] writing top-level names to ../../build/tello/tello.egg-info/top_level.txt
[1.156s] reading manifest file '../../build/tello/tello.egg-info/SOURCES.txt'
[1.157s] adding license file 'LICENSE'
[1.159s] writing manifest file '../../build/tello/tello.egg-info/SOURCES.txt'
[1.159s] running build
[1.159s] running build_py
[1.162s] copying tello/sub1.py -> /home/maeri/workspace/build/tello/build/lib/tello
[1.162s] running install
[1.163s] running install_lib
[1.164s] copying /home/maeri/workspace/build/tello/build/lib/tello/sub1.py -> /home/maeri/workspace/install/tello/lib/python3.10/site-packages/tello
[1.165s] byte-compiling /home/maeri/workspace/install/tello/lib/python3.10/site-packages/tello/sub1.py to sub1.cpython-310.pyc
[1.165s] running install_data
[1.166s] running install_egg_info
[1.169s] removing '/home/maeri/workspace/install/tello/lib/python3.10/site-packages/tello-0.0.0-py3.10.egg-info' (and everything under it)
[1.170s] Copying ../../build/tello/tello.egg-info to /home/maeri/workspace/install/tello/lib/python3.10/site-packages/tello-0.0.0-py3.10.egg-info
[1.172s] running install_scripts
[1.195s] Installing camera_pub script to /home/maeri/workspace/install/tello/lib/tello
[1.196s] Installing camera_sub script to /home/maeri/workspace/install/tello/lib/tello
[1.196s] Installing detected_pub script to /home/maeri/workspace/install/tello/lib/tello
[1.196s] Installing listener script to /home/maeri/workspace/install/tello/lib/tello
[1.196s] Installing talker script to /home/maeri/workspace/install/tello/lib/tello
[1.197s] writing list of installed files to '/home/maeri/workspace/build/tello/install.log'
[1.221s] Invoked command in '/home/maeri/workspace/src/tello' returned '0': CONDA_PROMPT_MODIFIER=(pyenv) PYTHONPATH=/home/maeri/workspace/build/tello/prefix_override:/home/maeri/workspace/install/tello/lib/python3.10/site-packages:${PYTHONPATH} /usr/bin/python3 -W ignore:setup.py install is deprecated setup.py egg_info --egg-base ../../build/tello build --build-base /home/maeri/workspace/build/tello/build install --record /home/maeri/workspace/build/tello/install.log --single-version-externally-managed install_data
