[0.225s] DEBUG:colcon:Command line arguments: ['/usr/bin/colcon', 'build']
[0.225s] DEBUG:colcon:Parsed command line arguments: Namespace(log_base=None, log_level=None, verb_name='build', build_base='build', install_base='install', merge_install=False, symlink_install=False, test_result_base=None, continue_on_error=False, executor='parallel', parallel_workers=4, event_handlers=None, ignore_user_meta=False, metas=['./colcon.meta'], base_paths=['.'], packages_ignore=None, packages_ignore_regex=None, paths=None, packages_up_to=None, packages_up_to_regex=None, packages_above=None, packages_above_and_dependencies=None, packages_above_depth=None, packages_select_by_dep=None, packages_skip_by_dep=None, packages_skip_up_to=None, packages_select_build_failed=False, packages_skip_build_finished=False, packages_select_test_failures=False, packages_skip_test_passed=False, packages_select=None, packages_skip=None, packages_select_regex=None, packages_skip_regex=None, packages_start=None, packages_end=None, allow_overriding=[], cmake_args=None, cmake_target=None, cmake_target_skip_unavailable=False, cmake_clean_cache=False, cmake_clean_first=False, cmake_force_configure=False, ament_cmake_args=None, catkin_cmake_args=None, catkin_skip_building_tests=False, mixin_files=None, mixin=None, verb_parser=<colcon_mixin.mixin.mixin_argument.MixinArgumentDecorator object at 0x74cfad1da7a0>, verb_extension=<colcon_core.verb.build.BuildVerb object at 0x74cfad1da200>, main=<bound method BuildVerb.main of <colcon_core.verb.build.BuildVerb object at 0x74cfad1da200>>, mixin_verb=('build',))
[0.620s] Level 1:colcon.colcon_core.package_discovery:discover_packages(colcon_meta) check parameters
[0.620s] Level 1:colcon.colcon_core.package_discovery:discover_packages(recursive) check parameters
[0.620s] Level 1:colcon.colcon_core.package_discovery:discover_packages(ignore) check parameters
[0.620s] Level 1:colcon.colcon_core.package_discovery:discover_packages(path) check parameters
[0.620s] Level 1:colcon.colcon_core.package_discovery:discover_packages(colcon_meta) discover
[0.620s] Level 1:colcon.colcon_core.package_discovery:discover_packages(recursive) discover
[0.620s] INFO:colcon.colcon_core.package_discovery:Crawling recursively for packages in '/home/maeri/workspace'
[0.620s] Level 1:colcon.colcon_core.package_identification:_identify(.) by extensions ['ignore', 'ignore_ament_install']
[0.620s] Level 1:colcon.colcon_core.package_identification:_identify(.) by extension 'ignore'
[0.620s] Level 1:colcon.colcon_core.package_identification:_identify(.) by extension 'ignore_ament_install'
[0.621s] Level 1:colcon.colcon_core.package_identification:_identify(.) by extensions ['colcon_pkg']
[0.621s] Level 1:colcon.colcon_core.package_identification:_identify(.) by extension 'colcon_pkg'
[0.621s] Level 1:colcon.colcon_core.package_identification:_identify(.) by extensions ['colcon_meta']
[0.621s] Level 1:colcon.colcon_core.package_identification:_identify(.) by extension 'colcon_meta'
[0.621s] Level 1:colcon.colcon_core.package_identification:_identify(.) by extensions ['ros']
[0.621s] Level 1:colcon.colcon_core.package_identification:_identify(.) by extension 'ros'
[0.633s] Level 1:colcon.colcon_core.package_identification:_identify(.) by extensions ['cmake', 'python']
[0.633s] Level 1:colcon.colcon_core.package_identification:_identify(.) by extension 'cmake'
[0.633s] Level 1:colcon.colcon_core.package_identification:_identify(.) by extension 'python'
[0.633s] Level 1:colcon.colcon_core.package_identification:_identify(.) by extensions ['python_setup_py']
[0.633s] Level 1:colcon.colcon_core.package_identification:_identify(.) by extension 'python_setup_py'
[0.633s] Level 1:colcon.colcon_core.package_identification:_identify(build) by extensions ['ignore', 'ignore_ament_install']
[0.634s] Level 1:colcon.colcon_core.package_identification:_identify(build) by extension 'ignore'
[0.634s] Level 1:colcon.colcon_core.package_identification:_identify(build) ignored
[0.634s] Level 1:colcon.colcon_core.package_identification:_identify(install) by extensions ['ignore', 'ignore_ament_install']
[0.634s] Level 1:colcon.colcon_core.package_identification:_identify(install) by extension 'ignore'
[0.634s] Level 1:colcon.colcon_core.package_identification:_identify(install) ignored
[0.634s] Level 1:colcon.colcon_core.package_identification:_identify(log) by extensions ['ignore', 'ignore_ament_install']
[0.634s] Level 1:colcon.colcon_core.package_identification:_identify(log) by extension 'ignore'
[0.634s] Level 1:colcon.colcon_core.package_identification:_identify(log) ignored
[0.634s] Level 1:colcon.colcon_core.package_identification:_identify(src) by extensions ['ignore', 'ignore_ament_install']
[0.634s] Level 1:colcon.colcon_core.package_identification:_identify(src) by extension 'ignore'
[0.634s] Level 1:colcon.colcon_core.package_identification:_identify(src) by extension 'ignore_ament_install'
[0.634s] Level 1:colcon.colcon_core.package_identification:_identify(src) by extensions ['colcon_pkg']
[0.634s] Level 1:colcon.colcon_core.package_identification:_identify(src) by extension 'colcon_pkg'
[0.635s] Level 1:colcon.colcon_core.package_identification:_identify(src) by extensions ['colcon_meta']
[0.635s] Level 1:colcon.colcon_core.package_identification:_identify(src) by extension 'colcon_meta'
[0.635s] Level 1:colcon.colcon_core.package_identification:_identify(src) by extensions ['ros']
[0.635s] Level 1:colcon.colcon_core.package_identification:_identify(src) by extension 'ros'
[0.635s] Level 1:colcon.colcon_core.package_identification:_identify(src) by extensions ['cmake', 'python']
[0.635s] Level 1:colcon.colcon_core.package_identification:_identify(src) by extension 'cmake'
[0.635s] Level 1:colcon.colcon_core.package_identification:_identify(src) by extension 'python'
[0.635s] Level 1:colcon.colcon_core.package_identification:_identify(src) by extensions ['python_setup_py']
[0.635s] Level 1:colcon.colcon_core.package_identification:_identify(src) by extension 'python_setup_py'
[0.635s] Level 1:colcon.colcon_core.package_identification:_identify(src/person_tracker) by extensions ['ignore', 'ignore_ament_install']
[0.635s] Level 1:colcon.colcon_core.package_identification:_identify(src/person_tracker) by extension 'ignore'
[0.635s] Level 1:colcon.colcon_core.package_identification:_identify(src/person_tracker) by extension 'ignore_ament_install'
[0.635s] Level 1:colcon.colcon_core.package_identification:_identify(src/person_tracker) by extensions ['colcon_pkg']
[0.635s] Level 1:colcon.colcon_core.package_identification:_identify(src/person_tracker) by extension 'colcon_pkg'
[0.635s] Level 1:colcon.colcon_core.package_identification:_identify(src/person_tracker) by extensions ['colcon_meta']
[0.635s] Level 1:colcon.colcon_core.package_identification:_identify(src/person_tracker) by extension 'colcon_meta'
[0.635s] Level 1:colcon.colcon_core.package_identification:_identify(src/person_tracker) by extensions ['ros']
[0.636s] Level 1:colcon.colcon_core.package_identification:_identify(src/person_tracker) by extension 'ros'
[0.639s] DEBUG:colcon.colcon_core.package_identification:Package 'src/person_tracker' with type 'ros.ament_cmake' and name 'person_tracker'
[0.639s] Level 1:colcon.colcon_core.package_identification:_identify(src/tello) by extensions ['ignore', 'ignore_ament_install']
[0.639s] Level 1:colcon.colcon_core.package_identification:_identify(src/tello) by extension 'ignore'
[0.639s] Level 1:colcon.colcon_core.package_identification:_identify(src/tello) by extension 'ignore_ament_install'
[0.639s] Level 1:colcon.colcon_core.package_identification:_identify(src/tello) by extensions ['colcon_pkg']
[0.639s] Level 1:colcon.colcon_core.package_identification:_identify(src/tello) by extension 'colcon_pkg'
[0.639s] Level 1:colcon.colcon_core.package_identification:_identify(src/tello) by extensions ['colcon_meta']
[0.639s] Level 1:colcon.colcon_core.package_identification:_identify(src/tello) by extension 'colcon_meta'
[0.639s] Level 1:colcon.colcon_core.package_identification:_identify(src/tello) by extensions ['ros']
[0.640s] Level 1:colcon.colcon_core.package_identification:_identify(src/tello) by extension 'ros'
[0.640s] DEBUG:colcon.colcon_core.package_identification:Package 'src/tello' with type 'ros.ament_python' and name 'tello'
[0.640s] Level 1:colcon.colcon_core.package_discovery:discover_packages(recursive) using defaults
[0.640s] Level 1:colcon.colcon_core.package_discovery:discover_packages(ignore) discover
[0.640s] Level 1:colcon.colcon_core.package_discovery:discover_packages(ignore) using defaults
[0.641s] Level 1:colcon.colcon_core.package_discovery:discover_packages(path) discover
[0.641s] Level 1:colcon.colcon_core.package_discovery:discover_packages(path) using defaults
[0.676s] Level 1:colcon.colcon_core.package_discovery:discover_packages(prefix_path) check parameters
[0.676s] Level 1:colcon.colcon_core.package_discovery:discover_packages(prefix_path) discover
[0.682s] DEBUG:colcon.colcon_installed_package_information.package_discovery:Found 271 installed packages in /opt/ros/humble
[0.694s] Level 1:colcon.colcon_core.package_discovery:discover_packages(prefix_path) using defaults
[0.743s] Level 5:colcon.colcon_core.verb:set package 'person_tracker' build argument 'cmake_args' from command line to 'None'
[0.743s] Level 5:colcon.colcon_core.verb:set package 'person_tracker' build argument 'cmake_target' from command line to 'None'
[0.743s] Level 5:colcon.colcon_core.verb:set package 'person_tracker' build argument 'cmake_target_skip_unavailable' from command line to 'False'
[0.743s] Level 5:colcon.colcon_core.verb:set package 'person_tracker' build argument 'cmake_clean_cache' from command line to 'False'
[0.743s] Level 5:colcon.colcon_core.verb:set package 'person_tracker' build argument 'cmake_clean_first' from command line to 'False'
[0.743s] Level 5:colcon.colcon_core.verb:set package 'person_tracker' build argument 'cmake_force_configure' from command line to 'False'
[0.743s] Level 5:colcon.colcon_core.verb:set package 'person_tracker' build argument 'ament_cmake_args' from command line to 'None'
[0.743s] Level 5:colcon.colcon_core.verb:set package 'person_tracker' build argument 'catkin_cmake_args' from command line to 'None'
[0.743s] Level 5:colcon.colcon_core.verb:set package 'person_tracker' build argument 'catkin_skip_building_tests' from command line to 'False'
[0.743s] DEBUG:colcon.colcon_core.verb:Building package 'person_tracker' with the following arguments: {'ament_cmake_args': None, 'build_base': '/home/maeri/workspace/build/person_tracker', 'catkin_cmake_args': None, 'catkin_skip_building_tests': False, 'cmake_args': None, 'cmake_clean_cache': False, 'cmake_clean_first': False, 'cmake_force_configure': False, 'cmake_target': None, 'cmake_target_skip_unavailable': False, 'install_base': '/home/maeri/workspace/install/person_tracker', 'merge_install': False, 'path': '/home/maeri/workspace/src/person_tracker', 'symlink_install': False, 'test_result_base': None}
[0.743s] Level 5:colcon.colcon_core.verb:set package 'tello' build argument 'cmake_args' from command line to 'None'
[0.743s] Level 5:colcon.colcon_core.verb:set package 'tello' build argument 'cmake_target' from command line to 'None'
[0.743s] Level 5:colcon.colcon_core.verb:set package 'tello' build argument 'cmake_target_skip_unavailable' from command line to 'False'
[0.744s] Level 5:colcon.colcon_core.verb:set package 'tello' build argument 'cmake_clean_cache' from command line to 'False'
[0.744s] Level 5:colcon.colcon_core.verb:set package 'tello' build argument 'cmake_clean_first' from command line to 'False'
[0.744s] Level 5:colcon.colcon_core.verb:set package 'tello' build argument 'cmake_force_configure' from command line to 'False'
[0.744s] Level 5:colcon.colcon_core.verb:set package 'tello' build argument 'ament_cmake_args' from command line to 'None'
[0.744s] Level 5:colcon.colcon_core.verb:set package 'tello' build argument 'catkin_cmake_args' from command line to 'None'
[0.744s] Level 5:colcon.colcon_core.verb:set package 'tello' build argument 'catkin_skip_building_tests' from command line to 'False'
[0.744s] DEBUG:colcon.colcon_core.verb:Building package 'tello' with the following arguments: {'ament_cmake_args': None, 'build_base': '/home/maeri/workspace/build/tello', 'catkin_cmake_args': None, 'catkin_skip_building_tests': False, 'cmake_args': None, 'cmake_clean_cache': False, 'cmake_clean_first': False, 'cmake_force_configure': False, 'cmake_target': None, 'cmake_target_skip_unavailable': False, 'install_base': '/home/maeri/workspace/install/tello', 'merge_install': False, 'path': '/home/maeri/workspace/src/tello', 'symlink_install': False, 'test_result_base': None}
[0.744s] INFO:colcon.colcon_core.executor:Executing jobs using 'parallel' executor
[0.745s] DEBUG:colcon.colcon_parallel_executor.executor.parallel:run_until_complete
[0.745s] INFO:colcon.colcon_ros.task.ament_cmake.build:Building ROS package in '/home/maeri/workspace/src/person_tracker' with build type 'ament_cmake'
[0.745s] INFO:colcon.colcon_cmake.task.cmake.build:Building CMake package in '/home/maeri/workspace/src/person_tracker'
[0.751s] INFO:colcon.colcon_core.plugin_system:Skipping extension 'colcon_core.shell.bat': Not used on non-Windows systems
[0.751s] INFO:colcon.colcon_core.shell:Skip shell extension 'powershell' for command environment: Not usable outside of PowerShell
[0.751s] DEBUG:colcon.colcon_core.shell:Skip shell extension 'dsv' for command environment
[0.755s] INFO:colcon.colcon_ros.task.ament_python.build:Building ROS package in '/home/maeri/workspace/src/tello' with build type 'ament_python'
[0.755s] Level 1:colcon.colcon_core.shell:create_environment_hook('tello', 'ament_prefix_path')
[0.755s] INFO:colcon.colcon_core.shell:Creating environment hook '/home/maeri/workspace/install/tello/share/tello/hook/ament_prefix_path.ps1'
[0.758s] INFO:colcon.colcon_core.shell:Creating environment descriptor '/home/maeri/workspace/install/tello/share/tello/hook/ament_prefix_path.dsv'
[0.758s] INFO:colcon.colcon_core.shell:Creating environment hook '/home/maeri/workspace/install/tello/share/tello/hook/ament_prefix_path.sh'
[0.759s] INFO:colcon.colcon_core.shell:Skip shell extension 'powershell' for command environment: Not usable outside of PowerShell
[0.759s] DEBUG:colcon.colcon_core.shell:Skip shell extension 'dsv' for command environment
[0.765s] DEBUG:colcon.colcon_core.event_handler.log_command:Invoking command in '/home/maeri/workspace/build/person_tracker': CMAKE_PREFIX_PATH=/opt/ros/humble /usr/bin/cmake /home/maeri/workspace/src/person_tracker -DCMAKE_INSTALL_PREFIX=/home/maeri/workspace/install/person_tracker
[1.112s] INFO:colcon.colcon_core.task.python.build:Building Python package in '/home/maeri/workspace/src/tello'
[1.113s] INFO:colcon.colcon_core.shell:Skip shell extension 'powershell' for command environment: Not usable outside of PowerShell
[1.113s] DEBUG:colcon.colcon_core.shell:Skip shell extension 'dsv' for command environment
[1.593s] DEBUG:colcon.colcon_core.event_handler.log_command:Invoking command in '/home/maeri/workspace/src/tello': PYTHONPATH=/home/maeri/workspace/build/tello/prefix_override:/usr/lib/python3/dist-packages/colcon_core/task/python/colcon_distutils_commands:/home/maeri/workspace/install/tello/lib/python3.10/site-packages:${PYTHONPATH} /usr/bin/python3 -W ignore:setup.py install is deprecated setup.py egg_info --egg-base ../../build/tello build --build-base /home/maeri/workspace/build/tello/build install --record /home/maeri/workspace/build/tello/install.log --single-version-externally-managed install_data
[1.837s] DEBUG:colcon.colcon_core.event_handler.log_command:Invoked command in '/home/maeri/workspace/build/person_tracker' returned '0': CMAKE_PREFIX_PATH=/opt/ros/humble /usr/bin/cmake /home/maeri/workspace/src/person_tracker -DCMAKE_INSTALL_PREFIX=/home/maeri/workspace/install/person_tracker
[1.839s] DEBUG:colcon.colcon_core.event_handler.log_command:Invoking command in '/home/maeri/workspace/build/person_tracker': CMAKE_PREFIX_PATH=/opt/ros/humble /usr/bin/cmake --build /home/maeri/workspace/build/person_tracker -- -j4 -l4
[1.889s] DEBUG:colcon.colcon_core.event_handler.log_command:Invoked command in '/home/maeri/workspace/build/person_tracker' returned '0': CMAKE_PREFIX_PATH=/opt/ros/humble /usr/bin/cmake --build /home/maeri/workspace/build/person_tracker -- -j4 -l4
[1.933s] DEBUG:colcon.colcon_core.event_handler.log_command:Invoking command in '/home/maeri/workspace/build/person_tracker': CMAKE_PREFIX_PATH=/opt/ros/humble /usr/bin/cmake --install /home/maeri/workspace/build/person_tracker
[1.948s] Level 1:colcon.colcon_core.environment:create_environment_scripts_only(person_tracker)
[1.949s] DEBUG:colcon.colcon_core.event_handler.log_command:Invoked command in '/home/maeri/workspace/build/person_tracker' returned '0': CMAKE_PREFIX_PATH=/opt/ros/humble /usr/bin/cmake --install /home/maeri/workspace/build/person_tracker
[1.956s] Level 1:colcon.colcon_core.environment:checking '/home/maeri/workspace/install/person_tracker' for CMake module files
[1.956s] Level 1:colcon.colcon_core.environment:checking '/home/maeri/workspace/install/person_tracker' for CMake config files
[1.957s] Level 1:colcon.colcon_core.shell:create_environment_hook('person_tracker', 'cmake_prefix_path')
[1.957s] INFO:colcon.colcon_core.shell:Creating environment hook '/home/maeri/workspace/install/person_tracker/share/person_tracker/hook/cmake_prefix_path.ps1'
[1.958s] INFO:colcon.colcon_core.shell:Creating environment descriptor '/home/maeri/workspace/install/person_tracker/share/person_tracker/hook/cmake_prefix_path.dsv'
[1.958s] INFO:colcon.colcon_core.shell:Creating environment hook '/home/maeri/workspace/install/person_tracker/share/person_tracker/hook/cmake_prefix_path.sh'
[1.959s] Level 1:colcon.colcon_core.environment:checking '/home/maeri/workspace/install/person_tracker/bin'
[1.959s] Level 1:colcon.colcon_core.environment:checking '/home/maeri/workspace/install/person_tracker/lib/pkgconfig/person_tracker.pc'
[1.959s] Level 1:colcon.colcon_core.environment:checking '/home/maeri/workspace/install/person_tracker/lib/python3.10/site-packages'
[1.959s] Level 1:colcon.colcon_core.environment:checking '/home/maeri/workspace/install/person_tracker/bin'
[1.960s] INFO:colcon.colcon_core.shell:Creating package script '/home/maeri/workspace/install/person_tracker/share/person_tracker/package.ps1'
[1.961s] INFO:colcon.colcon_core.shell:Creating package descriptor '/home/maeri/workspace/install/person_tracker/share/person_tracker/package.dsv'
[1.962s] INFO:colcon.colcon_core.shell:Creating package script '/home/maeri/workspace/install/person_tracker/share/person_tracker/package.sh'
[1.963s] INFO:colcon.colcon_core.shell:Creating package script '/home/maeri/workspace/install/person_tracker/share/person_tracker/package.bash'
[1.964s] INFO:colcon.colcon_core.shell:Creating package script '/home/maeri/workspace/install/person_tracker/share/person_tracker/package.zsh'
[1.965s] Level 1:colcon.colcon_core.environment:create_file_with_runtime_dependencies(/home/maeri/workspace/install/person_tracker/share/colcon-core/packages/person_tracker)
[1.976s] Level 1:colcon.colcon_core.environment:checking '/home/maeri/workspace/install/tello' for CMake module files
[1.977s] DEBUG:colcon.colcon_core.event_handler.log_command:Invoked command in '/home/maeri/workspace/src/tello' returned '0': PYTHONPATH=/home/maeri/workspace/build/tello/prefix_override:/usr/lib/python3/dist-packages/colcon_core/task/python/colcon_distutils_commands:/home/maeri/workspace/install/tello/lib/python3.10/site-packages:${PYTHONPATH} /usr/bin/python3 -W ignore:setup.py install is deprecated setup.py egg_info --egg-base ../../build/tello build --build-base /home/maeri/workspace/build/tello/build install --record /home/maeri/workspace/build/tello/install.log --single-version-externally-managed install_data
[1.978s] Level 1:colcon.colcon_core.environment:checking '/home/maeri/workspace/install/tello' for CMake config files
[1.979s] Level 1:colcon.colcon_core.shell:create_environment_hook('tello', 'cmake_prefix_path')
[1.979s] INFO:colcon.colcon_core.shell:Creating environment hook '/home/maeri/workspace/install/tello/share/tello/hook/cmake_prefix_path.ps1'
[1.980s] INFO:colcon.colcon_core.shell:Creating environment descriptor '/home/maeri/workspace/install/tello/share/tello/hook/cmake_prefix_path.dsv'
[1.980s] INFO:colcon.colcon_core.shell:Creating environment hook '/home/maeri/workspace/install/tello/share/tello/hook/cmake_prefix_path.sh'
[1.981s] Level 1:colcon.colcon_core.environment:checking '/home/maeri/workspace/install/tello/lib'
[1.981s] Level 1:colcon.colcon_core.environment:checking '/home/maeri/workspace/install/tello/bin'
[1.981s] Level 1:colcon.colcon_core.environment:checking '/home/maeri/workspace/install/tello/lib/pkgconfig/tello.pc'
[1.981s] Level 1:colcon.colcon_core.environment:checking '/home/maeri/workspace/install/tello/lib/python3.10/site-packages'
[1.981s] Level 1:colcon.colcon_core.shell:create_environment_hook('tello', 'pythonpath')
[1.982s] INFO:colcon.colcon_core.shell:Creating environment hook '/home/maeri/workspace/install/tello/share/tello/hook/pythonpath.ps1'
[1.982s] INFO:colcon.colcon_core.shell:Creating environment descriptor '/home/maeri/workspace/install/tello/share/tello/hook/pythonpath.dsv'
[1.982s] INFO:colcon.colcon_core.shell:Creating environment hook '/home/maeri/workspace/install/tello/share/tello/hook/pythonpath.sh'
[1.983s] Level 1:colcon.colcon_core.environment:checking '/home/maeri/workspace/install/tello/bin'
[1.983s] Level 1:colcon.colcon_core.environment:create_environment_scripts_only(tello)
[1.984s] INFO:colcon.colcon_core.shell:Creating package script '/home/maeri/workspace/install/tello/share/tello/package.ps1'
[1.984s] INFO:colcon.colcon_core.shell:Creating package descriptor '/home/maeri/workspace/install/tello/share/tello/package.dsv'
[1.985s] INFO:colcon.colcon_core.shell:Creating package script '/home/maeri/workspace/install/tello/share/tello/package.sh'
[1.985s] INFO:colcon.colcon_core.shell:Creating package script '/home/maeri/workspace/install/tello/share/tello/package.bash'
[1.986s] INFO:colcon.colcon_core.shell:Creating package script '/home/maeri/workspace/install/tello/share/tello/package.zsh'
[1.986s] Level 1:colcon.colcon_core.environment:create_file_with_runtime_dependencies(/home/maeri/workspace/install/tello/share/colcon-core/packages/tello)
[1.996s] Level 1:colcon.colcon_core.environment:create_environment_scripts_only(person_tracker)
[1.996s] Level 1:colcon.colcon_core.environment:checking '/home/maeri/workspace/install/person_tracker' for CMake module files
[1.997s] Level 1:colcon.colcon_core.environment:checking '/home/maeri/workspace/install/person_tracker' for CMake config files
[1.997s] Level 1:colcon.colcon_core.shell:create_environment_hook('person_tracker', 'cmake_prefix_path')
[1.998s] INFO:colcon.colcon_core.shell:Creating environment hook '/home/maeri/workspace/install/person_tracker/share/person_tracker/hook/cmake_prefix_path.ps1'
[1.998s] INFO:colcon.colcon_core.shell:Creating environment descriptor '/home/maeri/workspace/install/person_tracker/share/person_tracker/hook/cmake_prefix_path.dsv'
[1.998s] INFO:colcon.colcon_core.shell:Creating environment hook '/home/maeri/workspace/install/person_tracker/share/person_tracker/hook/cmake_prefix_path.sh'
[1.999s] Level 1:colcon.colcon_core.environment:checking '/home/maeri/workspace/install/person_tracker/bin'
[1.999s] Level 1:colcon.colcon_core.environment:checking '/home/maeri/workspace/install/person_tracker/lib/pkgconfig/person_tracker.pc'
[1.999s] Level 1:colcon.colcon_core.environment:checking '/home/maeri/workspace/install/person_tracker/lib/python3.10/site-packages'
[2.000s] Level 1:colcon.colcon_core.environment:checking '/home/maeri/workspace/install/person_tracker/bin'
[2.000s] INFO:colcon.colcon_core.shell:Creating package script '/home/maeri/workspace/install/person_tracker/share/person_tracker/package.ps1'
[2.000s] INFO:colcon.colcon_core.shell:Creating package descriptor '/home/maeri/workspace/install/person_tracker/share/person_tracker/package.dsv'
[2.001s] INFO:colcon.colcon_core.shell:Creating package script '/home/maeri/workspace/install/person_tracker/share/person_tracker/package.sh'
[2.001s] INFO:colcon.colcon_core.shell:Creating package script '/home/maeri/workspace/install/person_tracker/share/person_tracker/package.bash'
[2.002s] INFO:colcon.colcon_core.shell:Creating package script '/home/maeri/workspace/install/person_tracker/share/person_tracker/package.zsh'
[2.002s] Level 1:colcon.colcon_core.environment:create_file_with_runtime_dependencies(/home/maeri/workspace/install/person_tracker/share/colcon-core/packages/person_tracker)
[2.002s] DEBUG:colcon.colcon_parallel_executor.executor.parallel:closing loop
[2.003s] DEBUG:colcon.colcon_parallel_executor.executor.parallel:loop closed
[2.003s] DEBUG:colcon.colcon_parallel_executor.executor.parallel:run_until_complete finished with '0'
[2.003s] DEBUG:colcon.colcon_core.event_reactor:joining thread
[2.011s] INFO:colcon.colcon_core.plugin_system:Skipping extension 'colcon_notification.desktop_notification.terminal_notifier': Not used on non-Darwin systems
[2.011s] INFO:colcon.colcon_core.plugin_system:Skipping extension 'colcon_notification.desktop_notification.win32': Not used on non-Windows systems
[2.011s] INFO:colcon.colcon_notification.desktop_notification:Sending desktop notification using 'notify2'
[2.028s] DEBUG:colcon.colcon_core.event_reactor:joined thread
[2.028s] INFO:colcon.colcon_core.shell:Creating prefix script '/home/maeri/workspace/install/local_setup.ps1'
[2.030s] INFO:colcon.colcon_core.shell:Creating prefix util module '/home/maeri/workspace/install/_local_setup_util_ps1.py'
[2.031s] INFO:colcon.colcon_core.shell:Creating prefix chain script '/home/maeri/workspace/install/setup.ps1'
[2.033s] INFO:colcon.colcon_core.shell:Creating prefix script '/home/maeri/workspace/install/local_setup.sh'
[2.034s] INFO:colcon.colcon_core.shell:Creating prefix util module '/home/maeri/workspace/install/_local_setup_util_sh.py'
[2.035s] INFO:colcon.colcon_core.shell:Creating prefix chain script '/home/maeri/workspace/install/setup.sh'
[2.036s] INFO:colcon.colcon_core.shell:Creating prefix script '/home/maeri/workspace/install/local_setup.bash'
[2.037s] INFO:colcon.colcon_core.shell:Creating prefix chain script '/home/maeri/workspace/install/setup.bash'
[2.038s] INFO:colcon.colcon_core.shell:Creating prefix script '/home/maeri/workspace/install/local_setup.zsh'
[2.039s] INFO:colcon.colcon_core.shell:Creating prefix chain script '/home/maeri/workspace/install/setup.zsh'
