[0.693s] Invoking command in '/home/maeri/workspace/src/tello': CONDA_PROMPT_MODIFIER=(pyenv) PYTHONPATH=/home/maeri/workspace/build/tello/prefix_override:/home/maeri/workspace/install/tello/lib/python3.10/site-packages:${PYTHONPATH} /usr/bin/python3 -W ignore:setup.py install is deprecated setup.py egg_info --egg-base ../../build/tello build --build-base /home/maeri/workspace/build/tello/build install --record /home/maeri/workspace/build/tello/install.log --single-version-externally-managed install_data
[0.979s] running egg_info
[0.980s] writing ../../build/tello/tello.egg-info/PKG-INFO
[0.980s] writing dependency_links to ../../build/tello/tello.egg-info/dependency_links.txt
[0.981s] writing entry points to ../../build/tello/tello.egg-info/entry_points.txt
[0.981s] writing requirements to ../../build/tello/tello.egg-info/requires.txt
[0.981s] writing top-level names to ../../build/tello/tello.egg-info/top_level.txt
[0.983s] reading manifest file '../../build/tello/tello.egg-info/SOURCES.txt'
[0.983s] adding license file 'LICENSE'
[0.984s] writing manifest file '../../build/tello/tello.egg-info/SOURCES.txt'
[0.984s] running build
[0.985s] running build_py
[0.985s] copying tello/sub1.py -> /home/maeri/workspace/build/tello/build/lib/tello
[0.985s] running install
[0.986s] running install_lib
[0.986s] copying /home/maeri/workspace/build/tello/build/lib/tello/sub1.py -> /home/maeri/workspace/install/tello/lib/python3.10/site-packages/tello
[0.987s] byte-compiling /home/maeri/workspace/install/tello/lib/python3.10/site-packages/tello/sub1.py to sub1.cpython-310.pyc
[0.988s] running install_data
[0.988s] running install_egg_info
[0.991s] removing '/home/maeri/workspace/install/tello/lib/python3.10/site-packages/tello-0.0.0-py3.10.egg-info' (and everything under it)
[0.991s] Copying ../../build/tello/tello.egg-info to /home/maeri/workspace/install/tello/lib/python3.10/site-packages/tello-0.0.0-py3.10.egg-info
[0.992s] running install_scripts
[1.016s] Installing camera_pub script to /home/maeri/workspace/install/tello/lib/tello
[1.016s] Installing camera_sub script to /home/maeri/workspace/install/tello/lib/tello
[1.016s] Installing detected_pub script to /home/maeri/workspace/install/tello/lib/tello
[1.016s] Installing listener script to /home/maeri/workspace/install/tello/lib/tello
[1.016s] Installing talker script to /home/maeri/workspace/install/tello/lib/tello
[1.017s] writing list of installed files to '/home/maeri/workspace/build/tello/install.log'
[1.045s] Invoked command in '/home/maeri/workspace/src/tello' returned '0': CONDA_PROMPT_MODIFIER=(pyenv) PYTHONPATH=/home/maeri/workspace/build/tello/prefix_override:/home/maeri/workspace/install/tello/lib/python3.10/site-packages:${PYTHONPATH} /usr/bin/python3 -W ignore:setup.py install is deprecated setup.py egg_info --egg-base ../../build/tello build --build-base /home/maeri/workspace/build/tello/build install --record /home/maeri/workspace/build/tello/install.log --single-version-externally-managed install_data
