/home/maeri/workspace/install/tello/lib/python3.10/site-packages/tello/hello.py
/home/maeri/workspace/install/tello/lib/python3.10/site-packages/tello/__init__.py
/home/maeri/workspace/install/tello/lib/python3.10/site-packages/tello/camera_publisher.py
/home/maeri/workspace/install/tello/lib/python3.10/site-packages/tello/sub1.py
/home/maeri/workspace/install/tello/lib/python3.10/site-packages/tello/__pycache__/hello.cpython-310.pyc
/home/maeri/workspace/install/tello/lib/python3.10/site-packages/tello/__pycache__/__init__.cpython-310.pyc
/home/maeri/workspace/install/tello/lib/python3.10/site-packages/tello/__pycache__/camera_publisher.cpython-310.pyc
/home/maeri/workspace/install/tello/lib/python3.10/site-packages/tello/__pycache__/sub1.cpython-310.pyc
/home/maeri/workspace/install/tello/share/ament_index/resource_index/packages/tello
/home/maeri/workspace/install/tello/share/tello/package.xml
/home/maeri/workspace/install/tello/lib/python3.10/site-packages/tello-0.0.0-py3.10.egg-info/dependency_links.txt
/home/maeri/workspace/install/tello/lib/python3.10/site-packages/tello-0.0.0-py3.10.egg-info/entry_points.txt
/home/maeri/workspace/install/tello/lib/python3.10/site-packages/tello-0.0.0-py3.10.egg-info/PKG-INFO
/home/maeri/workspace/install/tello/lib/python3.10/site-packages/tello-0.0.0-py3.10.egg-info/top_level.txt
/home/maeri/workspace/install/tello/lib/python3.10/site-packages/tello-0.0.0-py3.10.egg-info/zip-safe
/home/maeri/workspace/install/tello/lib/python3.10/site-packages/tello-0.0.0-py3.10.egg-info/requires.txt
/home/maeri/workspace/install/tello/lib/python3.10/site-packages/tello-0.0.0-py3.10.egg-info/SOURCES.txt
/home/maeri/workspace/install/tello/lib/tello/camera_pub
/home/maeri/workspace/install/tello/lib/tello/camera_sub
/home/maeri/workspace/install/tello/lib/tello/detected_pub
/home/maeri/workspace/install/tello/lib/tello/listener
/home/maeri/workspace/install/tello/lib/tello/talker
